#-----------------------------------------------------------
# Vivado v2026.1 (64-bit)
# SW Build 6511674 on Tue Jun 16 11:02:23 MDT 2026
# IP Build 6504888 on Tue Jun 09 09:05:25 MDT 2026
# SharedData Build 6501428 on Mon Jun 08 17:34:18 MDT 2026
# Start of session at: Mon Sep 21 15:04:02 2026
# Process ID         : 15312
# Current directory  : C:/Users/gaeun/Desktop/lab2_08_segment_scan/vivado/lab2_segment_scan.runs/synth_1
# Command line       : vivado.exe -log lab2_segment_scan.vds -product Vivado -mode batch -messageDb vivado.pb -notrace -source lab2_segment_scan.tcl
# Log file           : C:/Users/gaeun/Desktop/lab2_08_segment_scan/vivado/lab2_segment_scan.runs/synth_1/lab2_segment_scan.vds
# Journal file       : C:/Users/gaeun/Desktop/lab2_08_segment_scan/vivado/lab2_segment_scan.runs/synth_1\vivado.jou
# Running On         : 9aeun
# Platform           : Windows 11
# Operating System   : 26200
# Processor Detail   : Intel(R) Core(TM) Ultra 5 225H
# CPU Frequency      : 3686 MHz
# CPU Physical cores : 14
# CPU Logical cores  : 14
# Host memory        : 16509 MB
# Swap memory        : 17179 MB
# Total Virtual      : 33688 MB
# Available Virtual  : 11659 MB
#-----------------------------------------------------------
source lab2_segment_scan.tcl -notrace
