#-----------------------------------------------------------
# Vivado v2026.1 (64-bit)
# SW Build 6511674 on Tue Jun 16 11:02:23 MDT 2026
# IP Build 6504888 on Tue Jun 09 09:05:25 MDT 2026
# SharedData Build 6501428 on Mon Jun 08 17:34:18 MDT 2026
# Start of session at: Mon Sep 21 14:41:49 2026
# Process ID         : 30648
# Current directory  : C:/Users/gaeun/Desktop/lab2_08_segment_scan/vivado
# Command line       : vivado.exe -gui_launcher_event rodinguilauncherevent15980 C:\Users\gaeun\Desktop\lab2_08_segment_scan\vivado\lab2_segment_scan.xpr
# Log file           : C:/Users/gaeun/Desktop/lab2_08_segment_scan/vivado/vivado.log
# Journal file       : C:/Users/gaeun/Desktop/lab2_08_segment_scan/vivado\vivado.jou
# Running On         : 9aeun
# Platform           : Windows 11
# Operating System   : 26200
# Processor Detail   : Intel(R) Core(TM) Ultra 5 225H
# CPU Frequency      : 3686 MHz
# CPU Physical cores : 14
# CPU Logical cores  : 14
# Host memory        : 16509 MB
# Swap memory        : 17179 MB
# Total Virtual      : 33688 MB
# Available Virtual  : 10903 MB
#-----------------------------------------------------------
start_gui
open_project C:/Users/gaeun/Desktop/lab2_08_segment_scan/vivado/lab2_segment_scan.xpr
update_compile_order -fileset sources_1
launch_simulation
source tb_segment_scan8.tcl
open_hw_manager
connect_hw_server -allow_non_jtag
open_hw_target
set_property PROGRAM.FILE {C:/Users/gaeun/Desktop/lab2_08_segment_scan/vivado/lab2_segment_scan.runs/impl_1/lab2_segment_scan.bit} [get_hw_devices xc7s75_0]
current_hw_device [get_hw_devices xc7s75_0]
refresh_hw_device -update_hw_probes false [lindex [get_hw_devices xc7s75_0] 0]
set_property PROBES.FILE {} [get_hw_devices xc7s75_0]
set_property FULL_PROBES.FILE {} [get_hw_devices xc7s75_0]
set_property PROGRAM.FILE {C:/Users/gaeun/Desktop/lab2_08_segment_scan/vivado/lab2_segment_scan.runs/impl_1/lab2_segment_scan.bit} [get_hw_devices xc7s75_0]
program_hw_devices [get_hw_devices xc7s75_0]
refresh_hw_device [lindex [get_hw_devices xc7s75_0] 0]
close_sim
