INFO: [Common 17-3922] A valid Vivado Design Suite BASIC license has been detected. Your current license is active and will expire on 07-sep-2027.
#-----------------------------------------------------------
# Vivado v2026.1 (64-bit)
# SW Build 6511674 on Tue Jun 16 11:02:23 MDT 2026
# IP Build 6504888 on Tue Jun 09 09:05:25 MDT 2026
# SharedData Build 6501428 on Mon Jun 08 17:34:18 MDT 2026
# Start of session at: Mon Sep 21 15:00:14 2026
# Process ID         : 26608
# Current directory  : C:/Users/gaeun/Desktop/lab2_08_segment_scan/vivado
# Command line       : vivado.exe -gui_launcher_event rodinguilauncherevent2552 C:\Users\gaeun\Desktop\lab2_08_segment_scan\vivado\lab2_segment_scan.xpr
# Log file           : C:/Users/gaeun/Desktop/lab2_08_segment_scan/vivado/vivado.log
# Journal file       : C:/Users/gaeun/Desktop/lab2_08_segment_scan/vivado\vivado.jou
# Running On         : 9aeun
# Platform           : Windows 11
# Operating System   : 26200
# Processor Detail   : Intel(R) Core(TM) Ultra 5 225H
# CPU Frequency      : 3686 MHz
# CPU Physical cores : 14
# CPU Logical cores  : 14
# Host memory        : 16509 MB
# Swap memory        : 17179 MB
# Total Virtual      : 33688 MB
# Available Virtual  : 8285 MB
#-----------------------------------------------------------
start_gui
open_project C:/Users/gaeun/Desktop/lab2_08_segment_scan/vivado/lab2_segment_scan.xpr
INFO: [filemgmt 56-3] Default IP Output Path : Could not find the directory 'C:/Users/gaeun/Desktop/lab2_08_segment_scan/vivado/lab2_segment_scan.gen/sources_1'.
Scanning sources...
Finished scanning sources
WARNING: [Project 1-5713] Board part '' set for the project  is not found. BoardPart property will be unset. Please select board from latest repo build 
INFO: [IP_Flow 19-234] Refreshing IP repositories
INFO: [IP_Flow 19-1704] No user IP repositories specified
INFO: [IP_Flow 19-2313] Loaded Vivado IP repository 'C:/AMDDesignTools/2026.1/Vivado/data/ip'.
open_project: Time (s): cpu = 00:00:16 ; elapsed = 00:00:09 . Memory (MB): peak = 1716.590 ; gain = 251.922
open_hw_manager
connect_hw_server -allow_non_jtag
INFO: [Labtools 27-2285] Connecting to hw_server url TCP:localhost:3121
INFO: [Labtools 27-3415] Connecting to cs_server url TCP:localhost:0
INFO: [Labtools 27-3417] Launching cs_server...
INFO: [Labtools 27-2221] Launch Output:

****** Xilinx cs_server v2026.1
  **** Build Info : #60 | 2026-06-15 19:15 UTC | a9691a9
    ** Copyright 2017-2022 Xilinx, Inc. All Rights Reserved.
    ** Copyright 2022-2026 Advanced Micro Devices, Inc. All Rights Reserved.



open_hw_target
INFO: [Labtoolstcl 44-466] Opening hw_target localhost:3121/xilinx_tcf/Xilinx/2224e500d9ee81
set_property PROGRAM.FILE {C:/Users/gaeun/Desktop/lab2_08_segment_scan/vivado/lab2_segment_scan.runs/impl_1/lab2_segment_scan.bit} [get_hw_devices xc7s75_0]
current_hw_device [get_hw_devices xc7s75_0]
refresh_hw_device -update_hw_probes false [lindex [get_hw_devices xc7s75_0] 0]
INFO: [Labtools 27-1434] Device xc7s75 (JTAG device index = 0) is programmed with a design that has no supported soft debug core(s) in it.
update_compile_order -fileset sources_1
set_property PROBES.FILE {} [get_hw_devices xc7s75_0]
set_property FULL_PROBES.FILE {} [get_hw_devices xc7s75_0]
set_property PROGRAM.FILE {C:/Users/gaeun/Desktop/lab2_08_segment_scan/vivado/lab2_segment_scan.runs/impl_1/lab2_segment_scan.bit} [get_hw_devices xc7s75_0]
program_hw_devices [get_hw_devices xc7s75_0]
INFO: [Labtools 27-3164] End of startup status: HIGH
program_hw_devices: Time (s): cpu = 00:00:10 ; elapsed = 00:00:11 . Memory (MB): peak = 1832.082 ; gain = 0.000
refresh_hw_device [lindex [get_hw_devices xc7s75_0] 0]
INFO: [Labtools 27-1434] Device xc7s75 (JTAG device index = 0) is programmed with a design that has no supported soft debug core(s) in it.
exit
INFO: [Common 17-206] Exiting Vivado at Mon Sep 21 15:03:30 2026...
